[2024-12-01 14:11:13,035: INFO: main: Welcome to the project]
[2024-12-02 18:29:58,843: INFO: main: ----------stage Data Ingestion stage started----------]
[2024-12-02 18:29:58,849: INFO: common: yaml file: config\config.yaml loaded sucessfully ]
[2024-12-02 18:29:58,852: INFO: common: yaml file: params.yaml loaded sucessfully ]
[2024-12-02 18:29:58,854: ERROR: main: yaml is empty]
Traceback (most recent call last):
  File "C:\code\MLOPS\MlOpsProjects\New folder\src\project\utils\common.py", line 28, in read_yaml
    return ConfigBox(content)
  File "box\\box.py", line 296, in box.box.Box.__init__
box.exceptions.BoxValueError: First argument must be mapping or iterable

During handling of the above exception, another exception occurred:

Traceback (most recent call last):
  File "C:\code\MLOPS\MlOpsProjects\New folder\main.py", line 7, in <module>
    obj.intiate_data_ingestion()
  File "C:\code\MLOPS\MlOpsProjects\New folder\src\project\pipeline\data_ingestion.py", line 11, in intiate_data_ingestion
    config= ConfiguratuionManager()
  File "C:\code\MLOPS\MlOpsProjects\New folder\src\project\config\configuration.py", line 10, in __init__
    self.params = read_yaml(params_file_path),
  File "C:\code\MLOPS\venv\lib\site-packages\ensure\main.py", line 872, in __call__
    return_val = self.f(*args, **kwargs)
  File "C:\code\MLOPS\MlOpsProjects\New folder\src\project\utils\common.py", line 30, in read_yaml
    raise ValueError("yaml is empty")
ValueError: yaml is empty
[2024-12-02 18:30:31,499: INFO: main: ----------stage Data Ingestion stage started----------]
[2024-12-02 18:30:31,503: INFO: common: yaml file: config\config.yaml loaded sucessfully ]
[2024-12-02 18:30:31,527: INFO: common: yaml file: params.yaml loaded sucessfully ]
[2024-12-02 18:30:31,531: INFO: common: yaml file: schema.yaml loaded sucessfully ]
[2024-12-02 18:30:31,532: ERROR: main: 'tuple' object has no attribute 'artifacts_root']
Traceback (most recent call last):
  File "C:\code\MLOPS\MlOpsProjects\New folder\main.py", line 7, in <module>
    obj.intiate_data_ingestion()
  File "C:\code\MLOPS\MlOpsProjects\New folder\src\project\pipeline\data_ingestion.py", line 11, in intiate_data_ingestion
    config= ConfiguratuionManager()
  File "C:\code\MLOPS\MlOpsProjects\New folder\src\project\config\configuration.py", line 13, in __init__
    create_directories([self.config.artifacts_root])
AttributeError: 'tuple' object has no attribute 'artifacts_root'
[2024-12-02 18:33:12,981: INFO: main: ----------stage Data Ingestion stage started----------]
[2024-12-02 18:33:12,988: INFO: common: yaml file: config\config.yaml loaded sucessfully ]
[2024-12-02 18:33:12,991: INFO: common: yaml file: params.yaml loaded sucessfully ]
[2024-12-02 18:33:12,994: INFO: common: yaml file: schema.yaml loaded sucessfully ]
[2024-12-02 18:33:12,998: INFO: common: created directory at: artifacts]
[2024-12-02 18:33:13,001: INFO: common: created directory at: artifacts/data_ingestion]
[2024-12-02 18:33:14,683: INFO: data_ingest: artifacts/data_ingestion/data.zip downnloaded! info: Connection: close
Content-Length: 23329
Cache-Control: max-age=300
Content-Security-Policy: default-src 'none'; style-src 'unsafe-inline'; sandbox
Content-Type: application/zip
ETag: "c69888a4ae59bc5a893392785a938ccd4937981c06ba8a9d6a21aa52b4ab5b6e"
Strict-Transport-Security: max-age=31536000
X-Content-Type-Options: nosniff
X-Frame-Options: deny
X-XSS-Protection: 1; mode=block
X-GitHub-Request-Id: 85FD:2932EB:2E5C1:35D33:674DB018
Accept-Ranges: bytes
Date: Mon, 02 Dec 2024 13:03:21 GMT
Via: 1.1 varnish
X-Served-By: cache-hyd1100030-HYD
X-Cache: MISS
X-Cache-Hits: 0
X-Timer: S1733144601.762972,VS0,VE287
Vary: Authorization,Accept-Encoding,Origin
Access-Control-Allow-Origin: *
Cross-Origin-Resource-Policy: cross-origin
X-Fastly-Request-ID: 948ec0ec6c368f2a0f18e9bf5dd61b3667c91978
Expires: Mon, 02 Dec 2024 13:08:21 GMT
Source-Age: 0

]
[2024-12-02 18:33:14,719: INFO: main: ----------stage Data Ingestion stage completed----------]
